<!DOCTYPE html>
<html lang="en">
<head>
  <meta charset="UTF-8">
  <title>Über</title>
</head>
<body>
<article>
  <h1>
    Über
  </h1>

  <p>Pascal: Ich. Ich. Ich.</p>
</article>

</body>
</html>