<!DOCTYPE html>
<html lang="en">
<head>
  <meta charset="UTF-8">
  <title>Welcome to ZOMBO.COM</title>
</head>
<body>
<article class="article is-full">
  <h1>
    Welcome to ZOMBO.COM
  </h1>
  <div class="content">
    <p>The <strong>infinite</strong> is possible on <a href="http://zombo.com">ZOMBO.COM</a>!</p>
  </div>
</article>

</body>
</html>