<!DOCTYPE html>
<html lang="en">
<head>
  <meta charset="UTF-8">
  <title>WELCOME!!</title>
</head>
<body>

<nav>
  <ul>
  
    <li>
      <a href="/artikel/">
        Articles
      </a>
    </li>
  
    <li>
      <a href="/artikel/welcome-to-zombocom/">
        Welcome to ZOMBO.COM
      </a>
    </li>
  
    <li>
      <a href="/">
        WELCOME!!
      </a>
    </li>
  
    <li>
      <a href="/uber/">
        Ãœber
      </a>
    </li>
  
  </ul>
</nav>

<h1>WELCOME!!</h1>
<div class="content">
  
</div>


</body>
</html>